0 1 3 4 5 6 2
s 4 0 0
m 3
m 4
m 3
m 0
m 1
s 2 4 2
m 0
m 6
m 5
